[+5 Dexterity Vest, -1, 80] = null 
[Aged Brie, -1, 80] = null 
[Sulfuras, Hand of Ragnaros, -1, 80] = null 
[Backstage passes to a TAFKAL80ETC concert, -1, 80] = null 
[Conjured Mana Cake, -1, 80] = null 
[+5 Dexterity Vest, 0, 80] = null 
[Aged Brie, 0, 80] = null 
[Sulfuras, Hand of Ragnaros, 0, 80] = 1 items : Item [name=Sulfuras, Hand of Ragnaros, sellIn=0, quality=80] 
[Backstage passes to a TAFKAL80ETC concert, 0, 80] = null 
[Conjured Mana Cake, 0, 80] = null 
[+5 Dexterity Vest, 1, 80] = null 
[Aged Brie, 1, 80] = null 
[Sulfuras, Hand of Ragnaros, 1, 80] = null 
[Backstage passes to a TAFKAL80ETC concert, 1, 80] = null 
[Conjured Mana Cake, 1, 80] = null 
[+5 Dexterity Vest, 2, 80] = null 
[Aged Brie, 2, 80] = null 
[Sulfuras, Hand of Ragnaros, 2, 80] = null 
[Backstage passes to a TAFKAL80ETC concert, 2, 80] = null 
[Conjured Mana Cake, 2, 80] = null 
[+5 Dexterity Vest, 3, 80] = null 
[Aged Brie, 3, 80] = null 
[Sulfuras, Hand of Ragnaros, 3, 80] = null 
[Backstage passes to a TAFKAL80ETC concert, 3, 80] = null 
[Conjured Mana Cake, 3, 80] = null 
[+5 Dexterity Vest, 4, 80] = null 
[Aged Brie, 4, 80] = null 
[Sulfuras, Hand of Ragnaros, 4, 80] = null 
[Backstage passes to a TAFKAL80ETC concert, 4, 80] = null 
[Conjured Mana Cake, 4, 80] = null 
[+5 Dexterity Vest, 5, 80] = null 
[Aged Brie, 5, 80] = null 
[Sulfuras, Hand of Ragnaros, 5, 80] = null 
[Backstage passes to a TAFKAL80ETC concert, 5, 80] = null 
[Conjured Mana Cake, 5, 80] = null 
[+5 Dexterity Vest, 6, 80] = null 
[Aged Brie, 6, 80] = null 
[Sulfuras, Hand of Ragnaros, 6, 80] = null 
[Backstage passes to a TAFKAL80ETC concert, 6, 80] = null 
[Conjured Mana Cake, 6, 80] = null 
[+5 Dexterity Vest, 7, 80] = null 
[Aged Brie, 7, 80] = null 
[Sulfuras, Hand of Ragnaros, 7, 80] = null 
[Backstage passes to a TAFKAL80ETC concert, 7, 80] = null 
[Conjured Mana Cake, 7, 80] = null 
[+5 Dexterity Vest, 8, 80] = null 
[Aged Brie, 8, 80] = null 
[Sulfuras, Hand of Ragnaros, 8, 80] = null 
[Backstage passes to a TAFKAL80ETC concert, 8, 80] = null 
[Conjured Mana Cake, 8, 80] = null 
[+5 Dexterity Vest, 9, 80] = null 
[Aged Brie, 9, 80] = null 
[Sulfuras, Hand of Ragnaros, 9, 80] = null 
[Backstage passes to a TAFKAL80ETC concert, 9, 80] = null 
[Conjured Mana Cake, 9, 80] = null 
[+5 Dexterity Vest, 10, 80] = null 
[Aged Brie, 10, 80] = null 
[Sulfuras, Hand of Ragnaros, 10, 80] = null 
[Backstage passes to a TAFKAL80ETC concert, 10, 80] = null 
[Conjured Mana Cake, 10, 80] = null 
[+5 Dexterity Vest, 11, 80] = null 
[Aged Brie, 11, 80] = null 
[Sulfuras, Hand of Ragnaros, 11, 80] = null 
[Backstage passes to a TAFKAL80ETC concert, 11, 80] = null 
[Conjured Mana Cake, 11, 80] = null 
[+5 Dexterity Vest, 12, 80] = null 
[Aged Brie, 12, 80] = null 
[Sulfuras, Hand of Ragnaros, 12, 80] = null 
[Backstage passes to a TAFKAL80ETC concert, 12, 80] = null 
[Conjured Mana Cake, 12, 80] = null 
[+5 Dexterity Vest, 13, 80] = null 
[Aged Brie, 13, 80] = null 
[Sulfuras, Hand of Ragnaros, 13, 80] = null 
[Backstage passes to a TAFKAL80ETC concert, 13, 80] = null 
[Conjured Mana Cake, 13, 80] = null 
[+5 Dexterity Vest, -1, 50] = 1 items : Item [name=+5 Dexterity Vest, sellIn=-2, quality=48] 
[Aged Brie, -1, 50] = 1 items : Item [name=Aged Brie, sellIn=-2, quality=50] 
[Sulfuras, Hand of Ragnaros, -1, 50] = null 
[Backstage passes to a TAFKAL80ETC concert, -1, 50] = 1 items : Item [name=Backstage passes to a TAFKAL80ETC concert, sellIn=-2, quality=0] 
[Conjured Mana Cake, -1, 50] = 1 items : Item [name=Conjured Mana Cake, sellIn=-2, quality=46] 
[+5 Dexterity Vest, 0, 50] = 1 items : Item [name=+5 Dexterity Vest, sellIn=-1, quality=48] 
[Aged Brie, 0, 50] = 1 items : Item [name=Aged Brie, sellIn=-1, quality=50] 
[Sulfuras, Hand of Ragnaros, 0, 50] = null 
[Backstage passes to a TAFKAL80ETC concert, 0, 50] = 1 items : Item [name=Backstage passes to a TAFKAL80ETC concert, sellIn=-1, quality=0] 
[Conjured Mana Cake, 0, 50] = 1 items : Item [name=Conjured Mana Cake, sellIn=-1, quality=46] 
[+5 Dexterity Vest, 1, 50] = 1 items : Item [name=+5 Dexterity Vest, sellIn=0, quality=49] 
[Aged Brie, 1, 50] = 1 items : Item [name=Aged Brie, sellIn=0, quality=50] 
[Sulfuras, Hand of Ragnaros, 1, 50] = null 
[Backstage passes to a TAFKAL80ETC concert, 1, 50] = 1 items : Item [name=Backstage passes to a TAFKAL80ETC concert, sellIn=0, quality=50] 
[Conjured Mana Cake, 1, 50] = 1 items : Item [name=Conjured Mana Cake, sellIn=0, quality=48] 
[+5 Dexterity Vest, 2, 50] = 1 items : Item [name=+5 Dexterity Vest, sellIn=1, quality=49] 
[Aged Brie, 2, 50] = 1 items : Item [name=Aged Brie, sellIn=1, quality=50] 
[Sulfuras, Hand of Ragnaros, 2, 50] = null 
[Backstage passes to a TAFKAL80ETC concert, 2, 50] = 1 items : Item [name=Backstage passes to a TAFKAL80ETC concert, sellIn=1, quality=50] 
[Conjured Mana Cake, 2, 50] = 1 items : Item [name=Conjured Mana Cake, sellIn=1, quality=48] 
[+5 Dexterity Vest, 3, 50] = 1 items : Item [name=+5 Dexterity Vest, sellIn=2, quality=49] 
[Aged Brie, 3, 50] = 1 items : Item [name=Aged Brie, sellIn=2, quality=50] 
[Sulfuras, Hand of Ragnaros, 3, 50] = null 
[Backstage passes to a TAFKAL80ETC concert, 3, 50] = 1 items : Item [name=Backstage passes to a TAFKAL80ETC concert, sellIn=2, quality=50] 
[Conjured Mana Cake, 3, 50] = 1 items : Item [name=Conjured Mana Cake, sellIn=2, quality=48] 
[+5 Dexterity Vest, 4, 50] = 1 items : Item [name=+5 Dexterity Vest, sellIn=3, quality=49] 
[Aged Brie, 4, 50] = 1 items : Item [name=Aged Brie, sellIn=3, quality=50] 
[Sulfuras, Hand of Ragnaros, 4, 50] = null 
[Backstage passes to a TAFKAL80ETC concert, 4, 50] = 1 items : Item [name=Backstage passes to a TAFKAL80ETC concert, sellIn=3, quality=50] 
[Conjured Mana Cake, 4, 50] = 1 items : Item [name=Conjured Mana Cake, sellIn=3, quality=48] 
[+5 Dexterity Vest, 5, 50] = 1 items : Item [name=+5 Dexterity Vest, sellIn=4, quality=49] 
[Aged Brie, 5, 50] = 1 items : Item [name=Aged Brie, sellIn=4, quality=50] 
[Sulfuras, Hand of Ragnaros, 5, 50] = null 
[Backstage passes to a TAFKAL80ETC concert, 5, 50] = 1 items : Item [name=Backstage passes to a TAFKAL80ETC concert, sellIn=4, quality=50] 
[Conjured Mana Cake, 5, 50] = 1 items : Item [name=Conjured Mana Cake, sellIn=4, quality=48] 
[+5 Dexterity Vest, 6, 50] = 1 items : Item [name=+5 Dexterity Vest, sellIn=5, quality=49] 
[Aged Brie, 6, 50] = 1 items : Item [name=Aged Brie, sellIn=5, quality=50] 
[Sulfuras, Hand of Ragnaros, 6, 50] = null 
[Backstage passes to a TAFKAL80ETC concert, 6, 50] = 1 items : Item [name=Backstage passes to a TAFKAL80ETC concert, sellIn=5, quality=50] 
[Conjured Mana Cake, 6, 50] = 1 items : Item [name=Conjured Mana Cake, sellIn=5, quality=48] 
[+5 Dexterity Vest, 7, 50] = 1 items : Item [name=+5 Dexterity Vest, sellIn=6, quality=49] 
[Aged Brie, 7, 50] = 1 items : Item [name=Aged Brie, sellIn=6, quality=50] 
[Sulfuras, Hand of Ragnaros, 7, 50] = null 
[Backstage passes to a TAFKAL80ETC concert, 7, 50] = 1 items : Item [name=Backstage passes to a TAFKAL80ETC concert, sellIn=6, quality=50] 
[Conjured Mana Cake, 7, 50] = 1 items : Item [name=Conjured Mana Cake, sellIn=6, quality=48] 
[+5 Dexterity Vest, 8, 50] = 1 items : Item [name=+5 Dexterity Vest, sellIn=7, quality=49] 
[Aged Brie, 8, 50] = 1 items : Item [name=Aged Brie, sellIn=7, quality=50] 
[Sulfuras, Hand of Ragnaros, 8, 50] = null 
[Backstage passes to a TAFKAL80ETC concert, 8, 50] = 1 items : Item [name=Backstage passes to a TAFKAL80ETC concert, sellIn=7, quality=50] 
[Conjured Mana Cake, 8, 50] = 1 items : Item [name=Conjured Mana Cake, sellIn=7, quality=48] 
[+5 Dexterity Vest, 9, 50] = 1 items : Item [name=+5 Dexterity Vest, sellIn=8, quality=49] 
[Aged Brie, 9, 50] = 1 items : Item [name=Aged Brie, sellIn=8, quality=50] 
[Sulfuras, Hand of Ragnaros, 9, 50] = null 
[Backstage passes to a TAFKAL80ETC concert, 9, 50] = 1 items : Item [name=Backstage passes to a TAFKAL80ETC concert, sellIn=8, quality=50] 
[Conjured Mana Cake, 9, 50] = 1 items : Item [name=Conjured Mana Cake, sellIn=8, quality=48] 
[+5 Dexterity Vest, 10, 50] = 1 items : Item [name=+5 Dexterity Vest, sellIn=9, quality=49] 
[Aged Brie, 10, 50] = 1 items : Item [name=Aged Brie, sellIn=9, quality=50] 
[Sulfuras, Hand of Ragnaros, 10, 50] = null 
[Backstage passes to a TAFKAL80ETC concert, 10, 50] = 1 items : Item [name=Backstage passes to a TAFKAL80ETC concert, sellIn=9, quality=50] 
[Conjured Mana Cake, 10, 50] = 1 items : Item [name=Conjured Mana Cake, sellIn=9, quality=48] 
[+5 Dexterity Vest, 11, 50] = 1 items : Item [name=+5 Dexterity Vest, sellIn=10, quality=49] 
[Aged Brie, 11, 50] = 1 items : Item [name=Aged Brie, sellIn=10, quality=50] 
[Sulfuras, Hand of Ragnaros, 11, 50] = null 
[Backstage passes to a TAFKAL80ETC concert, 11, 50] = 1 items : Item [name=Backstage passes to a TAFKAL80ETC concert, sellIn=10, quality=50] 
[Conjured Mana Cake, 11, 50] = 1 items : Item [name=Conjured Mana Cake, sellIn=10, quality=48] 
[+5 Dexterity Vest, 12, 50] = 1 items : Item [name=+5 Dexterity Vest, sellIn=11, quality=49] 
[Aged Brie, 12, 50] = 1 items : Item [name=Aged Brie, sellIn=11, quality=50] 
[Sulfuras, Hand of Ragnaros, 12, 50] = null 
[Backstage passes to a TAFKAL80ETC concert, 12, 50] = 1 items : Item [name=Backstage passes to a TAFKAL80ETC concert, sellIn=11, quality=50] 
[Conjured Mana Cake, 12, 50] = 1 items : Item [name=Conjured Mana Cake, sellIn=11, quality=48] 
[+5 Dexterity Vest, 13, 50] = 1 items : Item [name=+5 Dexterity Vest, sellIn=12, quality=49] 
[Aged Brie, 13, 50] = 1 items : Item [name=Aged Brie, sellIn=12, quality=50] 
[Sulfuras, Hand of Ragnaros, 13, 50] = null 
[Backstage passes to a TAFKAL80ETC concert, 13, 50] = 1 items : Item [name=Backstage passes to a TAFKAL80ETC concert, sellIn=12, quality=50] 
[Conjured Mana Cake, 13, 50] = 1 items : Item [name=Conjured Mana Cake, sellIn=12, quality=48] 
[+5 Dexterity Vest, -1, 49] = 1 items : Item [name=+5 Dexterity Vest, sellIn=-2, quality=47] 
[Aged Brie, -1, 49] = 1 items : Item [name=Aged Brie, sellIn=-2, quality=50] 
[Sulfuras, Hand of Ragnaros, -1, 49] = null 
[Backstage passes to a TAFKAL80ETC concert, -1, 49] = 1 items : Item [name=Backstage passes to a TAFKAL80ETC concert, sellIn=-2, quality=0] 
[Conjured Mana Cake, -1, 49] = 1 items : Item [name=Conjured Mana Cake, sellIn=-2, quality=45] 
[+5 Dexterity Vest, 0, 49] = 1 items : Item [name=+5 Dexterity Vest, sellIn=-1, quality=47] 
[Aged Brie, 0, 49] = 1 items : Item [name=Aged Brie, sellIn=-1, quality=50] 
[Sulfuras, Hand of Ragnaros, 0, 49] = null 
[Backstage passes to a TAFKAL80ETC concert, 0, 49] = 1 items : Item [name=Backstage passes to a TAFKAL80ETC concert, sellIn=-1, quality=0] 
[Conjured Mana Cake, 0, 49] = 1 items : Item [name=Conjured Mana Cake, sellIn=-1, quality=45] 
[+5 Dexterity Vest, 1, 49] = 1 items : Item [name=+5 Dexterity Vest, sellIn=0, quality=48] 
[Aged Brie, 1, 49] = 1 items : Item [name=Aged Brie, sellIn=0, quality=50] 
[Sulfuras, Hand of Ragnaros, 1, 49] = null 
[Backstage passes to a TAFKAL80ETC concert, 1, 49] = 1 items : Item [name=Backstage passes to a TAFKAL80ETC concert, sellIn=0, quality=50] 
[Conjured Mana Cake, 1, 49] = 1 items : Item [name=Conjured Mana Cake, sellIn=0, quality=47] 
[+5 Dexterity Vest, 2, 49] = 1 items : Item [name=+5 Dexterity Vest, sellIn=1, quality=48] 
[Aged Brie, 2, 49] = 1 items : Item [name=Aged Brie, sellIn=1, quality=50] 
[Sulfuras, Hand of Ragnaros, 2, 49] = null 
[Backstage passes to a TAFKAL80ETC concert, 2, 49] = 1 items : Item [name=Backstage passes to a TAFKAL80ETC concert, sellIn=1, quality=50] 
[Conjured Mana Cake, 2, 49] = 1 items : Item [name=Conjured Mana Cake, sellIn=1, quality=47] 
[+5 Dexterity Vest, 3, 49] = 1 items : Item [name=+5 Dexterity Vest, sellIn=2, quality=48] 
[Aged Brie, 3, 49] = 1 items : Item [name=Aged Brie, sellIn=2, quality=50] 
[Sulfuras, Hand of Ragnaros, 3, 49] = null 
[Backstage passes to a TAFKAL80ETC concert, 3, 49] = 1 items : Item [name=Backstage passes to a TAFKAL80ETC concert, sellIn=2, quality=50] 
[Conjured Mana Cake, 3, 49] = 1 items : Item [name=Conjured Mana Cake, sellIn=2, quality=47] 
[+5 Dexterity Vest, 4, 49] = 1 items : Item [name=+5 Dexterity Vest, sellIn=3, quality=48] 
[Aged Brie, 4, 49] = 1 items : Item [name=Aged Brie, sellIn=3, quality=50] 
[Sulfuras, Hand of Ragnaros, 4, 49] = null 
[Backstage passes to a TAFKAL80ETC concert, 4, 49] = 1 items : Item [name=Backstage passes to a TAFKAL80ETC concert, sellIn=3, quality=50] 
[Conjured Mana Cake, 4, 49] = 1 items : Item [name=Conjured Mana Cake, sellIn=3, quality=47] 
[+5 Dexterity Vest, 5, 49] = 1 items : Item [name=+5 Dexterity Vest, sellIn=4, quality=48] 
[Aged Brie, 5, 49] = 1 items : Item [name=Aged Brie, sellIn=4, quality=50] 
[Sulfuras, Hand of Ragnaros, 5, 49] = null 
[Backstage passes to a TAFKAL80ETC concert, 5, 49] = 1 items : Item [name=Backstage passes to a TAFKAL80ETC concert, sellIn=4, quality=50] 
[Conjured Mana Cake, 5, 49] = 1 items : Item [name=Conjured Mana Cake, sellIn=4, quality=47] 
[+5 Dexterity Vest, 6, 49] = 1 items : Item [name=+5 Dexterity Vest, sellIn=5, quality=48] 
[Aged Brie, 6, 49] = 1 items : Item [name=Aged Brie, sellIn=5, quality=50] 
[Sulfuras, Hand of Ragnaros, 6, 49] = null 
[Backstage passes to a TAFKAL80ETC concert, 6, 49] = 1 items : Item [name=Backstage passes to a TAFKAL80ETC concert, sellIn=5, quality=50] 
[Conjured Mana Cake, 6, 49] = 1 items : Item [name=Conjured Mana Cake, sellIn=5, quality=47] 
[+5 Dexterity Vest, 7, 49] = 1 items : Item [name=+5 Dexterity Vest, sellIn=6, quality=48] 
[Aged Brie, 7, 49] = 1 items : Item [name=Aged Brie, sellIn=6, quality=50] 
[Sulfuras, Hand of Ragnaros, 7, 49] = null 
[Backstage passes to a TAFKAL80ETC concert, 7, 49] = 1 items : Item [name=Backstage passes to a TAFKAL80ETC concert, sellIn=6, quality=50] 
[Conjured Mana Cake, 7, 49] = 1 items : Item [name=Conjured Mana Cake, sellIn=6, quality=47] 
[+5 Dexterity Vest, 8, 49] = 1 items : Item [name=+5 Dexterity Vest, sellIn=7, quality=48] 
[Aged Brie, 8, 49] = 1 items : Item [name=Aged Brie, sellIn=7, quality=50] 
[Sulfuras, Hand of Ragnaros, 8, 49] = null 
[Backstage passes to a TAFKAL80ETC concert, 8, 49] = 1 items : Item [name=Backstage passes to a TAFKAL80ETC concert, sellIn=7, quality=50] 
[Conjured Mana Cake, 8, 49] = 1 items : Item [name=Conjured Mana Cake, sellIn=7, quality=47] 
[+5 Dexterity Vest, 9, 49] = 1 items : Item [name=+5 Dexterity Vest, sellIn=8, quality=48] 
[Aged Brie, 9, 49] = 1 items : Item [name=Aged Brie, sellIn=8, quality=50] 
[Sulfuras, Hand of Ragnaros, 9, 49] = null 
[Backstage passes to a TAFKAL80ETC concert, 9, 49] = 1 items : Item [name=Backstage passes to a TAFKAL80ETC concert, sellIn=8, quality=50] 
[Conjured Mana Cake, 9, 49] = 1 items : Item [name=Conjured Mana Cake, sellIn=8, quality=47] 
[+5 Dexterity Vest, 10, 49] = 1 items : Item [name=+5 Dexterity Vest, sellIn=9, quality=48] 
[Aged Brie, 10, 49] = 1 items : Item [name=Aged Brie, sellIn=9, quality=50] 
[Sulfuras, Hand of Ragnaros, 10, 49] = null 
[Backstage passes to a TAFKAL80ETC concert, 10, 49] = 1 items : Item [name=Backstage passes to a TAFKAL80ETC concert, sellIn=9, quality=50] 
[Conjured Mana Cake, 10, 49] = 1 items : Item [name=Conjured Mana Cake, sellIn=9, quality=47] 
[+5 Dexterity Vest, 11, 49] = 1 items : Item [name=+5 Dexterity Vest, sellIn=10, quality=48] 
[Aged Brie, 11, 49] = 1 items : Item [name=Aged Brie, sellIn=10, quality=50] 
[Sulfuras, Hand of Ragnaros, 11, 49] = null 
[Backstage passes to a TAFKAL80ETC concert, 11, 49] = 1 items : Item [name=Backstage passes to a TAFKAL80ETC concert, sellIn=10, quality=50] 
[Conjured Mana Cake, 11, 49] = 1 items : Item [name=Conjured Mana Cake, sellIn=10, quality=47] 
[+5 Dexterity Vest, 12, 49] = 1 items : Item [name=+5 Dexterity Vest, sellIn=11, quality=48] 
[Aged Brie, 12, 49] = 1 items : Item [name=Aged Brie, sellIn=11, quality=50] 
[Sulfuras, Hand of Ragnaros, 12, 49] = null 
[Backstage passes to a TAFKAL80ETC concert, 12, 49] = 1 items : Item [name=Backstage passes to a TAFKAL80ETC concert, sellIn=11, quality=50] 
[Conjured Mana Cake, 12, 49] = 1 items : Item [name=Conjured Mana Cake, sellIn=11, quality=47] 
[+5 Dexterity Vest, 13, 49] = 1 items : Item [name=+5 Dexterity Vest, sellIn=12, quality=48] 
[Aged Brie, 13, 49] = 1 items : Item [name=Aged Brie, sellIn=12, quality=50] 
[Sulfuras, Hand of Ragnaros, 13, 49] = null 
[Backstage passes to a TAFKAL80ETC concert, 13, 49] = 1 items : Item [name=Backstage passes to a TAFKAL80ETC concert, sellIn=12, quality=50] 
[Conjured Mana Cake, 13, 49] = 1 items : Item [name=Conjured Mana Cake, sellIn=12, quality=47] 
[+5 Dexterity Vest, -1, 1] = 1 items : Item [name=+5 Dexterity Vest, sellIn=-2, quality=0] 
[Aged Brie, -1, 1] = 1 items : Item [name=Aged Brie, sellIn=-2, quality=3] 
[Sulfuras, Hand of Ragnaros, -1, 1] = null 
[Backstage passes to a TAFKAL80ETC concert, -1, 1] = 1 items : Item [name=Backstage passes to a TAFKAL80ETC concert, sellIn=-2, quality=0] 
[Conjured Mana Cake, -1, 1] = 1 items : Item [name=Conjured Mana Cake, sellIn=-2, quality=0] 
[+5 Dexterity Vest, 0, 1] = 1 items : Item [name=+5 Dexterity Vest, sellIn=-1, quality=0] 
[Aged Brie, 0, 1] = 1 items : Item [name=Aged Brie, sellIn=-1, quality=3] 
[Sulfuras, Hand of Ragnaros, 0, 1] = null 
[Backstage passes to a TAFKAL80ETC concert, 0, 1] = 1 items : Item [name=Backstage passes to a TAFKAL80ETC concert, sellIn=-1, quality=0] 
[Conjured Mana Cake, 0, 1] = 1 items : Item [name=Conjured Mana Cake, sellIn=-1, quality=0] 
[+5 Dexterity Vest, 1, 1] = 1 items : Item [name=+5 Dexterity Vest, sellIn=0, quality=0] 
[Aged Brie, 1, 1] = 1 items : Item [name=Aged Brie, sellIn=0, quality=2] 
[Sulfuras, Hand of Ragnaros, 1, 1] = null 
[Backstage passes to a TAFKAL80ETC concert, 1, 1] = 1 items : Item [name=Backstage passes to a TAFKAL80ETC concert, sellIn=0, quality=4] 
[Conjured Mana Cake, 1, 1] = 1 items : Item [name=Conjured Mana Cake, sellIn=0, quality=0] 
[+5 Dexterity Vest, 2, 1] = 1 items : Item [name=+5 Dexterity Vest, sellIn=1, quality=0] 
[Aged Brie, 2, 1] = 1 items : Item [name=Aged Brie, sellIn=1, quality=2] 
[Sulfuras, Hand of Ragnaros, 2, 1] = null 
[Backstage passes to a TAFKAL80ETC concert, 2, 1] = 1 items : Item [name=Backstage passes to a TAFKAL80ETC concert, sellIn=1, quality=4] 
[Conjured Mana Cake, 2, 1] = 1 items : Item [name=Conjured Mana Cake, sellIn=1, quality=0] 
[+5 Dexterity Vest, 3, 1] = 1 items : Item [name=+5 Dexterity Vest, sellIn=2, quality=0] 
[Aged Brie, 3, 1] = 1 items : Item [name=Aged Brie, sellIn=2, quality=2] 
[Sulfuras, Hand of Ragnaros, 3, 1] = null 
[Backstage passes to a TAFKAL80ETC concert, 3, 1] = 1 items : Item [name=Backstage passes to a TAFKAL80ETC concert, sellIn=2, quality=4] 
[Conjured Mana Cake, 3, 1] = 1 items : Item [name=Conjured Mana Cake, sellIn=2, quality=0] 
[+5 Dexterity Vest, 4, 1] = 1 items : Item [name=+5 Dexterity Vest, sellIn=3, quality=0] 
[Aged Brie, 4, 1] = 1 items : Item [name=Aged Brie, sellIn=3, quality=2] 
[Sulfuras, Hand of Ragnaros, 4, 1] = null 
[Backstage passes to a TAFKAL80ETC concert, 4, 1] = 1 items : Item [name=Backstage passes to a TAFKAL80ETC concert, sellIn=3, quality=4] 
[Conjured Mana Cake, 4, 1] = 1 items : Item [name=Conjured Mana Cake, sellIn=3, quality=0] 
[+5 Dexterity Vest, 5, 1] = 1 items : Item [name=+5 Dexterity Vest, sellIn=4, quality=0] 
[Aged Brie, 5, 1] = 1 items : Item [name=Aged Brie, sellIn=4, quality=2] 
[Sulfuras, Hand of Ragnaros, 5, 1] = null 
[Backstage passes to a TAFKAL80ETC concert, 5, 1] = 1 items : Item [name=Backstage passes to a TAFKAL80ETC concert, sellIn=4, quality=4] 
[Conjured Mana Cake, 5, 1] = 1 items : Item [name=Conjured Mana Cake, sellIn=4, quality=0] 
[+5 Dexterity Vest, 6, 1] = 1 items : Item [name=+5 Dexterity Vest, sellIn=5, quality=0] 
[Aged Brie, 6, 1] = 1 items : Item [name=Aged Brie, sellIn=5, quality=2] 
[Sulfuras, Hand of Ragnaros, 6, 1] = null 
[Backstage passes to a TAFKAL80ETC concert, 6, 1] = 1 items : Item [name=Backstage passes to a TAFKAL80ETC concert, sellIn=5, quality=3] 
[Conjured Mana Cake, 6, 1] = 1 items : Item [name=Conjured Mana Cake, sellIn=5, quality=0] 
[+5 Dexterity Vest, 7, 1] = 1 items : Item [name=+5 Dexterity Vest, sellIn=6, quality=0] 
[Aged Brie, 7, 1] = 1 items : Item [name=Aged Brie, sellIn=6, quality=2] 
[Sulfuras, Hand of Ragnaros, 7, 1] = null 
[Backstage passes to a TAFKAL80ETC concert, 7, 1] = 1 items : Item [name=Backstage passes to a TAFKAL80ETC concert, sellIn=6, quality=3] 
[Conjured Mana Cake, 7, 1] = 1 items : Item [name=Conjured Mana Cake, sellIn=6, quality=0] 
[+5 Dexterity Vest, 8, 1] = 1 items : Item [name=+5 Dexterity Vest, sellIn=7, quality=0] 
[Aged Brie, 8, 1] = 1 items : Item [name=Aged Brie, sellIn=7, quality=2] 
[Sulfuras, Hand of Ragnaros, 8, 1] = null 
[Backstage passes to a TAFKAL80ETC concert, 8, 1] = 1 items : Item [name=Backstage passes to a TAFKAL80ETC concert, sellIn=7, quality=3] 
[Conjured Mana Cake, 8, 1] = 1 items : Item [name=Conjured Mana Cake, sellIn=7, quality=0] 
[+5 Dexterity Vest, 9, 1] = 1 items : Item [name=+5 Dexterity Vest, sellIn=8, quality=0] 
[Aged Brie, 9, 1] = 1 items : Item [name=Aged Brie, sellIn=8, quality=2] 
[Sulfuras, Hand of Ragnaros, 9, 1] = null 
[Backstage passes to a TAFKAL80ETC concert, 9, 1] = 1 items : Item [name=Backstage passes to a TAFKAL80ETC concert, sellIn=8, quality=3] 
[Conjured Mana Cake, 9, 1] = 1 items : Item [name=Conjured Mana Cake, sellIn=8, quality=0] 
[+5 Dexterity Vest, 10, 1] = 1 items : Item [name=+5 Dexterity Vest, sellIn=9, quality=0] 
[Aged Brie, 10, 1] = 1 items : Item [name=Aged Brie, sellIn=9, quality=2] 
[Sulfuras, Hand of Ragnaros, 10, 1] = null 
[Backstage passes to a TAFKAL80ETC concert, 10, 1] = 1 items : Item [name=Backstage passes to a TAFKAL80ETC concert, sellIn=9, quality=3] 
[Conjured Mana Cake, 10, 1] = 1 items : Item [name=Conjured Mana Cake, sellIn=9, quality=0] 
[+5 Dexterity Vest, 11, 1] = 1 items : Item [name=+5 Dexterity Vest, sellIn=10, quality=0] 
[Aged Brie, 11, 1] = 1 items : Item [name=Aged Brie, sellIn=10, quality=2] 
[Sulfuras, Hand of Ragnaros, 11, 1] = null 
[Backstage passes to a TAFKAL80ETC concert, 11, 1] = 1 items : Item [name=Backstage passes to a TAFKAL80ETC concert, sellIn=10, quality=2] 
[Conjured Mana Cake, 11, 1] = 1 items : Item [name=Conjured Mana Cake, sellIn=10, quality=0] 
[+5 Dexterity Vest, 12, 1] = 1 items : Item [name=+5 Dexterity Vest, sellIn=11, quality=0] 
[Aged Brie, 12, 1] = 1 items : Item [name=Aged Brie, sellIn=11, quality=2] 
[Sulfuras, Hand of Ragnaros, 12, 1] = null 
[Backstage passes to a TAFKAL80ETC concert, 12, 1] = 1 items : Item [name=Backstage passes to a TAFKAL80ETC concert, sellIn=11, quality=2] 
[Conjured Mana Cake, 12, 1] = 1 items : Item [name=Conjured Mana Cake, sellIn=11, quality=0] 
[+5 Dexterity Vest, 13, 1] = 1 items : Item [name=+5 Dexterity Vest, sellIn=12, quality=0] 
[Aged Brie, 13, 1] = 1 items : Item [name=Aged Brie, sellIn=12, quality=2] 
[Sulfuras, Hand of Ragnaros, 13, 1] = null 
[Backstage passes to a TAFKAL80ETC concert, 13, 1] = 1 items : Item [name=Backstage passes to a TAFKAL80ETC concert, sellIn=12, quality=2] 
[Conjured Mana Cake, 13, 1] = 1 items : Item [name=Conjured Mana Cake, sellIn=12, quality=0] 
[+5 Dexterity Vest, -1, 0] = 1 items : Item [name=+5 Dexterity Vest, sellIn=-2, quality=0] 
[Aged Brie, -1, 0] = 1 items : Item [name=Aged Brie, sellIn=-2, quality=2] 
[Sulfuras, Hand of Ragnaros, -1, 0] = null 
[Backstage passes to a TAFKAL80ETC concert, -1, 0] = 1 items : Item [name=Backstage passes to a TAFKAL80ETC concert, sellIn=-2, quality=0] 
[Conjured Mana Cake, -1, 0] = 1 items : Item [name=Conjured Mana Cake, sellIn=-2, quality=0] 
[+5 Dexterity Vest, 0, 0] = 1 items : Item [name=+5 Dexterity Vest, sellIn=-1, quality=0] 
[Aged Brie, 0, 0] = 1 items : Item [name=Aged Brie, sellIn=-1, quality=2] 
[Sulfuras, Hand of Ragnaros, 0, 0] = null 
[Backstage passes to a TAFKAL80ETC concert, 0, 0] = 1 items : Item [name=Backstage passes to a TAFKAL80ETC concert, sellIn=-1, quality=0] 
[Conjured Mana Cake, 0, 0] = 1 items : Item [name=Conjured Mana Cake, sellIn=-1, quality=0] 
[+5 Dexterity Vest, 1, 0] = 1 items : Item [name=+5 Dexterity Vest, sellIn=0, quality=0] 
[Aged Brie, 1, 0] = 1 items : Item [name=Aged Brie, sellIn=0, quality=1] 
[Sulfuras, Hand of Ragnaros, 1, 0] = null 
[Backstage passes to a TAFKAL80ETC concert, 1, 0] = 1 items : Item [name=Backstage passes to a TAFKAL80ETC concert, sellIn=0, quality=3] 
[Conjured Mana Cake, 1, 0] = 1 items : Item [name=Conjured Mana Cake, sellIn=0, quality=0] 
[+5 Dexterity Vest, 2, 0] = 1 items : Item [name=+5 Dexterity Vest, sellIn=1, quality=0] 
[Aged Brie, 2, 0] = 1 items : Item [name=Aged Brie, sellIn=1, quality=1] 
[Sulfuras, Hand of Ragnaros, 2, 0] = null 
[Backstage passes to a TAFKAL80ETC concert, 2, 0] = 1 items : Item [name=Backstage passes to a TAFKAL80ETC concert, sellIn=1, quality=3] 
[Conjured Mana Cake, 2, 0] = 1 items : Item [name=Conjured Mana Cake, sellIn=1, quality=0] 
[+5 Dexterity Vest, 3, 0] = 1 items : Item [name=+5 Dexterity Vest, sellIn=2, quality=0] 
[Aged Brie, 3, 0] = 1 items : Item [name=Aged Brie, sellIn=2, quality=1] 
[Sulfuras, Hand of Ragnaros, 3, 0] = null 
[Backstage passes to a TAFKAL80ETC concert, 3, 0] = 1 items : Item [name=Backstage passes to a TAFKAL80ETC concert, sellIn=2, quality=3] 
[Conjured Mana Cake, 3, 0] = 1 items : Item [name=Conjured Mana Cake, sellIn=2, quality=0] 
[+5 Dexterity Vest, 4, 0] = 1 items : Item [name=+5 Dexterity Vest, sellIn=3, quality=0] 
[Aged Brie, 4, 0] = 1 items : Item [name=Aged Brie, sellIn=3, quality=1] 
[Sulfuras, Hand of Ragnaros, 4, 0] = null 
[Backstage passes to a TAFKAL80ETC concert, 4, 0] = 1 items : Item [name=Backstage passes to a TAFKAL80ETC concert, sellIn=3, quality=3] 
[Conjured Mana Cake, 4, 0] = 1 items : Item [name=Conjured Mana Cake, sellIn=3, quality=0] 
[+5 Dexterity Vest, 5, 0] = 1 items : Item [name=+5 Dexterity Vest, sellIn=4, quality=0] 
[Aged Brie, 5, 0] = 1 items : Item [name=Aged Brie, sellIn=4, quality=1] 
[Sulfuras, Hand of Ragnaros, 5, 0] = null 
[Backstage passes to a TAFKAL80ETC concert, 5, 0] = 1 items : Item [name=Backstage passes to a TAFKAL80ETC concert, sellIn=4, quality=3] 
[Conjured Mana Cake, 5, 0] = 1 items : Item [name=Conjured Mana Cake, sellIn=4, quality=0] 
[+5 Dexterity Vest, 6, 0] = 1 items : Item [name=+5 Dexterity Vest, sellIn=5, quality=0] 
[Aged Brie, 6, 0] = 1 items : Item [name=Aged Brie, sellIn=5, quality=1] 
[Sulfuras, Hand of Ragnaros, 6, 0] = null 
[Backstage passes to a TAFKAL80ETC concert, 6, 0] = 1 items : Item [name=Backstage passes to a TAFKAL80ETC concert, sellIn=5, quality=2] 
[Conjured Mana Cake, 6, 0] = 1 items : Item [name=Conjured Mana Cake, sellIn=5, quality=0] 
[+5 Dexterity Vest, 7, 0] = 1 items : Item [name=+5 Dexterity Vest, sellIn=6, quality=0] 
[Aged Brie, 7, 0] = 1 items : Item [name=Aged Brie, sellIn=6, quality=1] 
[Sulfuras, Hand of Ragnaros, 7, 0] = null 
[Backstage passes to a TAFKAL80ETC concert, 7, 0] = 1 items : Item [name=Backstage passes to a TAFKAL80ETC concert, sellIn=6, quality=2] 
[Conjured Mana Cake, 7, 0] = 1 items : Item [name=Conjured Mana Cake, sellIn=6, quality=0] 
[+5 Dexterity Vest, 8, 0] = 1 items : Item [name=+5 Dexterity Vest, sellIn=7, quality=0] 
[Aged Brie, 8, 0] = 1 items : Item [name=Aged Brie, sellIn=7, quality=1] 
[Sulfuras, Hand of Ragnaros, 8, 0] = null 
[Backstage passes to a TAFKAL80ETC concert, 8, 0] = 1 items : Item [name=Backstage passes to a TAFKAL80ETC concert, sellIn=7, quality=2] 
[Conjured Mana Cake, 8, 0] = 1 items : Item [name=Conjured Mana Cake, sellIn=7, quality=0] 
[+5 Dexterity Vest, 9, 0] = 1 items : Item [name=+5 Dexterity Vest, sellIn=8, quality=0] 
[Aged Brie, 9, 0] = 1 items : Item [name=Aged Brie, sellIn=8, quality=1] 
[Sulfuras, Hand of Ragnaros, 9, 0] = null 
[Backstage passes to a TAFKAL80ETC concert, 9, 0] = 1 items : Item [name=Backstage passes to a TAFKAL80ETC concert, sellIn=8, quality=2] 
[Conjured Mana Cake, 9, 0] = 1 items : Item [name=Conjured Mana Cake, sellIn=8, quality=0] 
[+5 Dexterity Vest, 10, 0] = 1 items : Item [name=+5 Dexterity Vest, sellIn=9, quality=0] 
[Aged Brie, 10, 0] = 1 items : Item [name=Aged Brie, sellIn=9, quality=1] 
[Sulfuras, Hand of Ragnaros, 10, 0] = null 
[Backstage passes to a TAFKAL80ETC concert, 10, 0] = 1 items : Item [name=Backstage passes to a TAFKAL80ETC concert, sellIn=9, quality=2] 
[Conjured Mana Cake, 10, 0] = 1 items : Item [name=Conjured Mana Cake, sellIn=9, quality=0] 
[+5 Dexterity Vest, 11, 0] = 1 items : Item [name=+5 Dexterity Vest, sellIn=10, quality=0] 
[Aged Brie, 11, 0] = 1 items : Item [name=Aged Brie, sellIn=10, quality=1] 
[Sulfuras, Hand of Ragnaros, 11, 0] = null 
[Backstage passes to a TAFKAL80ETC concert, 11, 0] = 1 items : Item [name=Backstage passes to a TAFKAL80ETC concert, sellIn=10, quality=1] 
[Conjured Mana Cake, 11, 0] = 1 items : Item [name=Conjured Mana Cake, sellIn=10, quality=0] 
[+5 Dexterity Vest, 12, 0] = 1 items : Item [name=+5 Dexterity Vest, sellIn=11, quality=0] 
[Aged Brie, 12, 0] = 1 items : Item [name=Aged Brie, sellIn=11, quality=1] 
[Sulfuras, Hand of Ragnaros, 12, 0] = null 
[Backstage passes to a TAFKAL80ETC concert, 12, 0] = 1 items : Item [name=Backstage passes to a TAFKAL80ETC concert, sellIn=11, quality=1] 
[Conjured Mana Cake, 12, 0] = 1 items : Item [name=Conjured Mana Cake, sellIn=11, quality=0] 
[+5 Dexterity Vest, 13, 0] = 1 items : Item [name=+5 Dexterity Vest, sellIn=12, quality=0] 
[Aged Brie, 13, 0] = 1 items : Item [name=Aged Brie, sellIn=12, quality=1] 
[Sulfuras, Hand of Ragnaros, 13, 0] = null 
[Backstage passes to a TAFKAL80ETC concert, 13, 0] = 1 items : Item [name=Backstage passes to a TAFKAL80ETC concert, sellIn=12, quality=1] 
[Conjured Mana Cake, 13, 0] = 1 items : Item [name=Conjured Mana Cake, sellIn=12, quality=0] 
